// Jest Snapshot v1, https://goo.gl/fbAQLP

exports[`The Dashboard component should not regress 1`] = `
initialize {
  "0": Object {
    "attribs": Object {},
    "children": Array [
      Object {
        "attribs": Object {},
        "children": Array [
          Object {
            "attribs": Object {
              "name": "group",
              "placeholder": "Group Name",
              "type": "text",
              "value": "",
            },
            "children": Array [],
            "name": "input",
            "namespace": "http://www.w3.org/1999/xhtml",
            "next": Object {
              "attribs": Object {
                "name": "country",
                "placeholder": "Country",
                "type": "text",
                "value": "",
              },
              "children": Array [],
              "name": "input",
              "namespace": "http://www.w3.org/1999/xhtml",
              "next": Object {
                "attribs": Object {},
                "children": Array [
                  Object {
                    "attribs": Object {
                      "class": "button",
                    },
                    "children": Array [
                      Object {
                        "attribs": Object {
                          "for": "single",
                        },
                        "children": Array [
                          Object {
                            "attribs": Object {
                              "class": "fas fa-upload",
                            },
                            "children": Array [],
                            "name": "i",
                            "namespace": "http://www.w3.org/1999/xhtml",
                            "next": null,
                            "parent": [Circular],
                            "prev": null,
                            "type": "tag",
                            "x-attribsNamespace": Object {
                              "class": undefined,
                            },
                            "x-attribsPrefix": Object {
                              "class": undefined,
                            },
                          },
                        ],
                        "name": "label",
                        "namespace": "http://www.w3.org/1999/xhtml",
                        "next": Object {
                          "attribs": Object {
                            "id": "single",
                            "name": "upload",
                            "type": "file",
                          },
                          "children": Array [],
                          "name": "input",
                          "namespace": "http://www.w3.org/1999/xhtml",
                          "next": null,
                          "parent": [Circular],
                          "prev": [Circular],
                          "type": "tag",
                          "x-attribsNamespace": Object {
                            "id": undefined,
                            "name": undefined,
                            "type": undefined,
                          },
                          "x-attribsPrefix": Object {
                            "id": undefined,
                            "name": undefined,
                            "type": undefined,
                          },
                        },
                        "parent": [Circular],
                        "prev": null,
                        "type": "tag",
                        "x-attribsNamespace": Object {
                          "for": undefined,
                        },
                        "x-attribsPrefix": Object {
                          "for": undefined,
                        },
                      },
                      Object {
                        "attribs": Object {
                          "id": "single",
                          "name": "upload",
                          "type": "file",
                        },
                        "children": Array [],
                        "name": "input",
                        "namespace": "http://www.w3.org/1999/xhtml",
                        "next": null,
                        "parent": [Circular],
                        "prev": Object {
                          "attribs": Object {
                            "for": "single",
                          },
                          "children": Array [
                            Object {
                              "attribs": Object {
                                "class": "fas fa-upload",
                              },
                              "children": Array [],
                              "name": "i",
                              "namespace": "http://www.w3.org/1999/xhtml",
                              "next": null,
                              "parent": [Circular],
                              "prev": null,
                              "type": "tag",
                              "x-attribsNamespace": Object {
                                "class": undefined,
                              },
                              "x-attribsPrefix": Object {
                                "class": undefined,
                              },
                            },
                          ],
                          "name": "label",
                          "namespace": "http://www.w3.org/1999/xhtml",
                          "next": [Circular],
                          "parent": [Circular],
                          "prev": null,
                          "type": "tag",
                          "x-attribsNamespace": Object {
                            "for": undefined,
                          },
                          "x-attribsPrefix": Object {
                            "for": undefined,
                          },
                        },
                        "type": "tag",
                        "x-attribsNamespace": Object {
                          "id": undefined,
                          "name": undefined,
                          "type": undefined,
                        },
                        "x-attribsPrefix": Object {
                          "id": undefined,
                          "name": undefined,
                          "type": undefined,
                        },
                      },
                    ],
                    "name": "div",
                    "namespace": "http://www.w3.org/1999/xhtml",
                    "next": null,
                    "parent": [Circular],
                    "prev": null,
                    "type": "tag",
                    "x-attribsNamespace": Object {
                      "class": undefined,
                    },
                    "x-attribsPrefix": Object {
                      "class": undefined,
                    },
                  },
                ],
                "name": "div",
                "namespace": "http://www.w3.org/1999/xhtml",
                "next": Object {
                  "attribs": Object {
                    "type": "submit",
                  },
                  "children": Array [
                    Object {
                      "data": "Add Group",
                      "next": null,
                      "parent": [Circular],
                      "prev": null,
                      "type": "text",
                    },
                  ],
                  "name": "button",
                  "namespace": "http://www.w3.org/1999/xhtml",
                  "next": null,
                  "parent": [Circular],
                  "prev": [Circular],
                  "type": "tag",
                  "x-attribsNamespace": Object {
                    "type": undefined,
                  },
                  "x-attribsPrefix": Object {
                    "type": undefined,
                  },
                },
                "parent": [Circular],
                "prev": [Circular],
                "type": "tag",
                "x-attribsNamespace": Object {},
                "x-attribsPrefix": Object {},
              },
              "parent": [Circular],
              "prev": [Circular],
              "type": "tag",
              "x-attribsNamespace": Object {
                "name": undefined,
                "placeholder": undefined,
                "type": undefined,
                "value": undefined,
              },
              "x-attribsPrefix": Object {
                "name": undefined,
                "placeholder": undefined,
                "type": undefined,
                "value": undefined,
              },
            },
            "parent": [Circular],
            "prev": null,
            "type": "tag",
            "x-attribsNamespace": Object {
              "name": undefined,
              "placeholder": undefined,
              "type": undefined,
              "value": undefined,
            },
            "x-attribsPrefix": Object {
              "name": undefined,
              "placeholder": undefined,
              "type": undefined,
              "value": undefined,
            },
          },
          Object {
            "attribs": Object {
              "name": "country",
              "placeholder": "Country",
              "type": "text",
              "value": "",
            },
            "children": Array [],
            "name": "input",
            "namespace": "http://www.w3.org/1999/xhtml",
            "next": Object {
              "attribs": Object {},
              "children": Array [
                Object {
                  "attribs": Object {
                    "class": "button",
                  },
                  "children": Array [
                    Object {
                      "attribs": Object {
                        "for": "single",
                      },
                      "children": Array [
                        Object {
                          "attribs": Object {
                            "class": "fas fa-upload",
                          },
                          "children": Array [],
                          "name": "i",
                          "namespace": "http://www.w3.org/1999/xhtml",
                          "next": null,
                          "parent": [Circular],
                          "prev": null,
                          "type": "tag",
                          "x-attribsNamespace": Object {
                            "class": undefined,
                          },
                          "x-attribsPrefix": Object {
                            "class": undefined,
                          },
                        },
                      ],
                      "name": "label",
                      "namespace": "http://www.w3.org/1999/xhtml",
                      "next": Object {
                        "attribs": Object {
                          "id": "single",
                          "name": "upload",
                          "type": "file",
                        },
                        "children": Array [],
                        "name": "input",
                        "namespace": "http://www.w3.org/1999/xhtml",
                        "next": null,
                        "parent": [Circular],
                        "prev": [Circular],
                        "type": "tag",
                        "x-attribsNamespace": Object {
                          "id": undefined,
                          "name": undefined,
                          "type": undefined,
                        },
                        "x-attribsPrefix": Object {
                          "id": undefined,
                          "name": undefined,
                          "type": undefined,
                        },
                      },
                      "parent": [Circular],
                      "prev": null,
                      "type": "tag",
                      "x-attribsNamespace": Object {
                        "for": undefined,
                      },
                      "x-attribsPrefix": Object {
                        "for": undefined,
                      },
                    },
                    Object {
                      "attribs": Object {
                        "id": "single",
                        "name": "upload",
                        "type": "file",
                      },
                      "children": Array [],
                      "name": "input",
                      "namespace": "http://www.w3.org/1999/xhtml",
                      "next": null,
                      "parent": [Circular],
                      "prev": Object {
                        "attribs": Object {
                          "for": "single",
                        },
                        "children": Array [
                          Object {
                            "attribs": Object {
                              "class": "fas fa-upload",
                            },
                            "children": Array [],
                            "name": "i",
                            "namespace": "http://www.w3.org/1999/xhtml",
                            "next": null,
                            "parent": [Circular],
                            "prev": null,
                            "type": "tag",
                            "x-attribsNamespace": Object {
                              "class": undefined,
                            },
                            "x-attribsPrefix": Object {
                              "class": undefined,
                            },
                          },
                        ],
                        "name": "label",
                        "namespace": "http://www.w3.org/1999/xhtml",
                        "next": [Circular],
                        "parent": [Circular],
                        "prev": null,
                        "type": "tag",
                        "x-attribsNamespace": Object {
                          "for": undefined,
                        },
                        "x-attribsPrefix": Object {
                          "for": undefined,
                        },
                      },
                      "type": "tag",
                      "x-attribsNamespace": Object {
                        "id": undefined,
                        "name": undefined,
                        "type": undefined,
                      },
                      "x-attribsPrefix": Object {
                        "id": undefined,
                        "name": undefined,
                        "type": undefined,
                      },
                    },
                  ],
                  "name": "div",
                  "namespace": "http://www.w3.org/1999/xhtml",
                  "next": null,
                  "parent": [Circular],
                  "prev": null,
                  "type": "tag",
                  "x-attribsNamespace": Object {
                    "class": undefined,
                  },
                  "x-attribsPrefix": Object {
                    "class": undefined,
                  },
                },
              ],
              "name": "div",
              "namespace": "http://www.w3.org/1999/xhtml",
              "next": Object {
                "attribs": Object {
                  "type": "submit",
                },
                "children": Array [
                  Object {
                    "data": "Add Group",
                    "next": null,
                    "parent": [Circular],
                    "prev": null,
                    "type": "text",
                  },
                ],
                "name": "button",
                "namespace": "http://www.w3.org/1999/xhtml",
                "next": null,
                "parent": [Circular],
                "prev": [Circular],
                "type": "tag",
                "x-attribsNamespace": Object {
                  "type": undefined,
                },
                "x-attribsPrefix": Object {
                  "type": undefined,
                },
              },
              "parent": [Circular],
              "prev": [Circular],
              "type": "tag",
              "x-attribsNamespace": Object {},
              "x-attribsPrefix": Object {},
            },
            "parent": [Circular],
            "prev": Object {
              "attribs": Object {
                "name": "group",
                "placeholder": "Group Name",
                "type": "text",
                "value": "",
              },
              "children": Array [],
              "name": "input",
              "namespace": "http://www.w3.org/1999/xhtml",
              "next": [Circular],
              "parent": [Circular],
              "prev": null,
              "type": "tag",
              "x-attribsNamespace": Object {
                "name": undefined,
                "placeholder": undefined,
                "type": undefined,
                "value": undefined,
              },
              "x-attribsPrefix": Object {
                "name": undefined,
                "placeholder": undefined,
                "type": undefined,
                "value": undefined,
              },
            },
            "type": "tag",
            "x-attribsNamespace": Object {
              "name": undefined,
              "placeholder": undefined,
              "type": undefined,
              "value": undefined,
            },
            "x-attribsPrefix": Object {
              "name": undefined,
              "placeholder": undefined,
              "type": undefined,
              "value": undefined,
            },
          },
          Object {
            "attribs": Object {},
            "children": Array [
              Object {
                "attribs": Object {
                  "class": "button",
                },
                "children": Array [
                  Object {
                    "attribs": Object {
                      "for": "single",
                    },
                    "children": Array [
                      Object {
                        "attribs": Object {
                          "class": "fas fa-upload",
                        },
                        "children": Array [],
                        "name": "i",
                        "namespace": "http://www.w3.org/1999/xhtml",
                        "next": null,
                        "parent": [Circular],
                        "prev": null,
                        "type": "tag",
                        "x-attribsNamespace": Object {
                          "class": undefined,
                        },
                        "x-attribsPrefix": Object {
                          "class": undefined,
                        },
                      },
                    ],
                    "name": "label",
                    "namespace": "http://www.w3.org/1999/xhtml",
                    "next": Object {
                      "attribs": Object {
                        "id": "single",
                        "name": "upload",
                        "type": "file",
                      },
                      "children": Array [],
                      "name": "input",
                      "namespace": "http://www.w3.org/1999/xhtml",
                      "next": null,
                      "parent": [Circular],
                      "prev": [Circular],
                      "type": "tag",
                      "x-attribsNamespace": Object {
                        "id": undefined,
                        "name": undefined,
                        "type": undefined,
                      },
                      "x-attribsPrefix": Object {
                        "id": undefined,
                        "name": undefined,
                        "type": undefined,
                      },
                    },
                    "parent": [Circular],
                    "prev": null,
                    "type": "tag",
                    "x-attribsNamespace": Object {
                      "for": undefined,
                    },
                    "x-attribsPrefix": Object {
                      "for": undefined,
                    },
                  },
                  Object {
                    "attribs": Object {
                      "id": "single",
                      "name": "upload",
                      "type": "file",
                    },
                    "children": Array [],
                    "name": "input",
                    "namespace": "http://www.w3.org/1999/xhtml",
                    "next": null,
                    "parent": [Circular],
                    "prev": Object {
                      "attribs": Object {
                        "for": "single",
                      },
                      "children": Array [
                        Object {
                          "attribs": Object {
                            "class": "fas fa-upload",
                          },
                          "children": Array [],
                          "name": "i",
                          "namespace": "http://www.w3.org/1999/xhtml",
                          "next": null,
                          "parent": [Circular],
                          "prev": null,
                          "type": "tag",
                          "x-attribsNamespace": Object {
                            "class": undefined,
                          },
                          "x-attribsPrefix": Object {
                            "class": undefined,
                          },
                        },
                      ],
                      "name": "label",
                      "namespace": "http://www.w3.org/1999/xhtml",
                      "next": [Circular],
                      "parent": [Circular],
                      "prev": null,
                      "type": "tag",
                      "x-attribsNamespace": Object {
                        "for": undefined,
                      },
                      "x-attribsPrefix": Object {
                        "for": undefined,
                      },
                    },
                    "type": "tag",
                    "x-attribsNamespace": Object {
                      "id": undefined,
                      "name": undefined,
                      "type": undefined,
                    },
                    "x-attribsPrefix": Object {
                      "id": undefined,
                      "name": undefined,
                      "type": undefined,
                    },
                  },
                ],
                "name": "div",
                "namespace": "http://www.w3.org/1999/xhtml",
                "next": null,
                "parent": [Circular],
                "prev": null,
                "type": "tag",
                "x-attribsNamespace": Object {
                  "class": undefined,
                },
                "x-attribsPrefix": Object {
                  "class": undefined,
                },
              },
            ],
            "name": "div",
            "namespace": "http://www.w3.org/1999/xhtml",
            "next": Object {
              "attribs": Object {
                "type": "submit",
              },
              "children": Array [
                Object {
                  "data": "Add Group",
                  "next": null,
                  "parent": [Circular],
                  "prev": null,
                  "type": "text",
                },
              ],
              "name": "button",
              "namespace": "http://www.w3.org/1999/xhtml",
              "next": null,
              "parent": [Circular],
              "prev": [Circular],
              "type": "tag",
              "x-attribsNamespace": Object {
                "type": undefined,
              },
              "x-attribsPrefix": Object {
                "type": undefined,
              },
            },
            "parent": [Circular],
            "prev": Object {
              "attribs": Object {
                "name": "country",
                "placeholder": "Country",
                "type": "text",
                "value": "",
              },
              "children": Array [],
              "name": "input",
              "namespace": "http://www.w3.org/1999/xhtml",
              "next": [Circular],
              "parent": [Circular],
              "prev": Object {
                "attribs": Object {
                  "name": "group",
                  "placeholder": "Group Name",
                  "type": "text",
                  "value": "",
                },
                "children": Array [],
                "name": "input",
                "namespace": "http://www.w3.org/1999/xhtml",
                "next": [Circular],
                "parent": [Circular],
                "prev": null,
                "type": "tag",
                "x-attribsNamespace": Object {
                  "name": undefined,
                  "placeholder": undefined,
                  "type": undefined,
                  "value": undefined,
                },
                "x-attribsPrefix": Object {
                  "name": undefined,
                  "placeholder": undefined,
                  "type": undefined,
                  "value": undefined,
                },
              },
              "type": "tag",
              "x-attribsNamespace": Object {
                "name": undefined,
                "placeholder": undefined,
                "type": undefined,
                "value": undefined,
              },
              "x-attribsPrefix": Object {
                "name": undefined,
                "placeholder": undefined,
                "type": undefined,
                "value": undefined,
              },
            },
            "type": "tag",
            "x-attribsNamespace": Object {},
            "x-attribsPrefix": Object {},
          },
          Object {
            "attribs": Object {
              "type": "submit",
            },
            "children": Array [
              Object {
                "data": "Add Group",
                "next": null,
                "parent": [Circular],
                "prev": null,
                "type": "text",
              },
            ],
            "name": "button",
            "namespace": "http://www.w3.org/1999/xhtml",
            "next": null,
            "parent": [Circular],
            "prev": Object {
              "attribs": Object {},
              "children": Array [
                Object {
                  "attribs": Object {
                    "class": "button",
                  },
                  "children": Array [
                    Object {
                      "attribs": Object {
                        "for": "single",
                      },
                      "children": Array [
                        Object {
                          "attribs": Object {
                            "class": "fas fa-upload",
                          },
                          "children": Array [],
                          "name": "i",
                          "namespace": "http://www.w3.org/1999/xhtml",
                          "next": null,
                          "parent": [Circular],
                          "prev": null,
                          "type": "tag",
                          "x-attribsNamespace": Object {
                            "class": undefined,
                          },
                          "x-attribsPrefix": Object {
                            "class": undefined,
                          },
                        },
                      ],
                      "name": "label",
                      "namespace": "http://www.w3.org/1999/xhtml",
                      "next": Object {
                        "attribs": Object {
                          "id": "single",
                          "name": "upload",
                          "type": "file",
                        },
                        "children": Array [],
                        "name": "input",
                        "namespace": "http://www.w3.org/1999/xhtml",
                        "next": null,
                        "parent": [Circular],
                        "prev": [Circular],
                        "type": "tag",
                        "x-attribsNamespace": Object {
                          "id": undefined,
                          "name": undefined,
                          "type": undefined,
                        },
                        "x-attribsPrefix": Object {
                          "id": undefined,
                          "name": undefined,
                          "type": undefined,
                        },
                      },
                      "parent": [Circular],
                      "prev": null,
                      "type": "tag",
                      "x-attribsNamespace": Object {
                        "for": undefined,
                      },
                      "x-attribsPrefix": Object {
                        "for": undefined,
                      },
                    },
                    Object {
                      "attribs": Object {
                        "id": "single",
                        "name": "upload",
                        "type": "file",
                      },
                      "children": Array [],
                      "name": "input",
                      "namespace": "http://www.w3.org/1999/xhtml",
                      "next": null,
                      "parent": [Circular],
                      "prev": Object {
                        "attribs": Object {
                          "for": "single",
                        },
                        "children": Array [
                          Object {
                            "attribs": Object {
                              "class": "fas fa-upload",
                            },
                            "children": Array [],
                            "name": "i",
                            "namespace": "http://www.w3.org/1999/xhtml",
                            "next": null,
                            "parent": [Circular],
                            "prev": null,
                            "type": "tag",
                            "x-attribsNamespace": Object {
                              "class": undefined,
                            },
                            "x-attribsPrefix": Object {
                              "class": undefined,
                            },
                          },
                        ],
                        "name": "label",
                        "namespace": "http://www.w3.org/1999/xhtml",
                        "next": [Circular],
                        "parent": [Circular],
                        "prev": null,
                        "type": "tag",
                        "x-attribsNamespace": Object {
                          "for": undefined,
                        },
                        "x-attribsPrefix": Object {
                          "for": undefined,
                        },
                      },
                      "type": "tag",
                      "x-attribsNamespace": Object {
                        "id": undefined,
                        "name": undefined,
                        "type": undefined,
                      },
                      "x-attribsPrefix": Object {
                        "id": undefined,
                        "name": undefined,
                        "type": undefined,
                      },
                    },
                  ],
                  "name": "div",
                  "namespace": "http://www.w3.org/1999/xhtml",
                  "next": null,
                  "parent": [Circular],
                  "prev": null,
                  "type": "tag",
                  "x-attribsNamespace": Object {
                    "class": undefined,
                  },
                  "x-attribsPrefix": Object {
                    "class": undefined,
                  },
                },
              ],
              "name": "div",
              "namespace": "http://www.w3.org/1999/xhtml",
              "next": [Circular],
              "parent": [Circular],
              "prev": Object {
                "attribs": Object {
                  "name": "country",
                  "placeholder": "Country",
                  "type": "text",
                  "value": "",
                },
                "children": Array [],
                "name": "input",
                "namespace": "http://www.w3.org/1999/xhtml",
                "next": [Circular],
                "parent": [Circular],
                "prev": Object {
                  "attribs": Object {
                    "name": "group",
                    "placeholder": "Group Name",
                    "type": "text",
                    "value": "",
                  },
                  "children": Array [],
                  "name": "input",
                  "namespace": "http://www.w3.org/1999/xhtml",
                  "next": [Circular],
                  "parent": [Circular],
                  "prev": null,
                  "type": "tag",
                  "x-attribsNamespace": Object {
                    "name": undefined,
                    "placeholder": undefined,
                    "type": undefined,
                    "value": undefined,
                  },
                  "x-attribsPrefix": Object {
                    "name": undefined,
                    "placeholder": undefined,
                    "type": undefined,
                    "value": undefined,
                  },
                },
                "type": "tag",
                "x-attribsNamespace": Object {
                  "name": undefined,
                  "placeholder": undefined,
                  "type": undefined,
                  "value": undefined,
                },
                "x-attribsPrefix": Object {
                  "name": undefined,
                  "placeholder": undefined,
                  "type": undefined,
                  "value": undefined,
                },
              },
              "type": "tag",
              "x-attribsNamespace": Object {},
              "x-attribsPrefix": Object {},
            },
            "type": "tag",
            "x-attribsNamespace": Object {
              "type": undefined,
            },
            "x-attribsPrefix": Object {
              "type": undefined,
            },
          },
        ],
        "name": "form",
        "namespace": "http://www.w3.org/1999/xhtml",
        "next": null,
        "parent": [Circular],
        "prev": null,
        "type": "tag",
        "x-attribsNamespace": Object {},
        "x-attribsPrefix": Object {},
      },
    ],
    "name": "div",
    "namespace": "http://www.w3.org/1999/xhtml",
    "next": null,
    "parent": null,
    "prev": null,
    "root": Object {
      "attribs": Object {},
      "children": Array [
        [Circular],
      ],
      "name": "root",
      "namespace": "http://www.w3.org/1999/xhtml",
      "next": null,
      "parent": null,
      "prev": null,
      "type": "root",
      "x-attribsNamespace": Object {},
      "x-attribsPrefix": Object {},
    },
    "type": "tag",
    "x-attribsNamespace": Object {},
    "x-attribsPrefix": Object {},
  },
  "_root": [Circular],
  "length": 1,
  "options": Object {
    "decodeEntities": true,
    "normalizeWhitespace": false,
    "withDomLvl1": true,
    "xml": false,
  },
}
`;
